ERC report (2026-06-19T17:36:12, Encoding UTF8)
Report includes: Errors, Warnings, Exclusions

***** Sheet /
[lib_symbol_mismatch]: Symbol 'MCP6004' doesn't match copy in library 'Amplifier_Operational'
    ; warning
    @(229.87 mm, 149.86 mm): Symbol U10 [MCP6004]
[lib_symbol_mismatch]: Symbol 'MCP6004' doesn't match copy in library 'Amplifier_Operational'
    ; warning
    @(330.20 mm, 184.15 mm): Symbol U10 [MCP6004]
[lib_symbol_mismatch]: Symbol 'MCP6004' doesn't match copy in library 'Amplifier_Operational'
    ; warning
    @(350.52 mm, 166.37 mm): Symbol U10 [MCP6004]
[lib_symbol_mismatch]: Symbol 'MCP6004' doesn't match copy in library 'Amplifier_Operational'
    ; warning
    @(439.42 mm, 204.47 mm): Symbol U10 [MCP6004]
[lib_symbol_mismatch]: Symbol 'MCP6004' doesn't match copy in library 'Amplifier_Operational'
    ; warning
    @(463.55 mm, 149.86 mm): Symbol U10 [MCP6004]
[lib_symbol_mismatch]: Symbol '74HC74' doesn't match copy in library '74xx'
    ; warning
    @(544.83 mm, 149.86 mm): Symbol U12 [74HC74]
[lib_symbol_mismatch]: Symbol '74HC74' doesn't match copy in library '74xx'
    ; warning
    @(549.91 mm, 212.09 mm): Symbol U12 [74HC74]
[lib_symbol_mismatch]: Symbol '74HC74' doesn't match copy in library '74xx'
    ; warning
    @(570.23 mm, 212.09 mm): Symbol U12 [74HC74]

 ** ERC messages: 8  Errors 0  Warnings 8

 ** Ignored checks:
    - Global label only appears once in the schematic
    - Four connection points are joined together
    - SPICE model issue
    - Assigned footprint doesn't match footprint filters
